DIR  BYTES        LÍN  FUENTE
---  -----------  ---  --------------------------------------------
                    1  ; ─────────────────────────────────────────────────────────────────────────
                    2  ; referencia.asm — programa canónico de A.7: multiplicación 4 × 3
                    3  ;
                    4  ; Copia fiel del listado de A.7 en contexto_proyecto.md, con direcciones
                    5  ; numéricas tal como aparecen en el documento. La directiva .DB al final
                    6  ; cumple la precondición que A.7 exige ("la dirección 204 debe contener el
                    7  ; valor 4 antes de ejecutar") — antes había que escribirla a mano.
                    8  ;
                    9  ; Resultado esperado: OUT muestra 12 (0x0C), luego HLT.
                   10  ; ─────────────────────────────────────────────────────────────────────────
                   11
00   30 00         12        LDI A,#0
02   50 C8         13        STA 200        ; resultado = 0
04   30 03         14        LDI A,#3
06   50 C9         15        STA 201        ; contador = 3
                   16
08   10 C8         17  LOOP: LDA 200
0A   20 CC         18        LDB 204        ; el 4 vive en la dirección 204
0C   60            19        ADD
0D   50 C8         20        STA 200        ; resultado += 4
                   21
0F   10 C9         22        LDA 201
11   40 01         23        LDI B,#1
13   70            24        SUB
14   50 C9         25        STA 201        ; contador -= 1
16   F0 08         26        JNZ LOOP
                   27
18   10 C8         28        LDA 200
1A   B0            29        OUT            ; muestra 12
1B   C0            30        HLT
                   31
                   32  ; ── Zona de datos (0xC0-0xFF según A.6) ──────────────────────────────────
                   33  .ORG 204
CC   04            34        .DB 4          ; precondición de A.7

TABLA DE SÍMBOLOS
LOOP = 0x08 (8)
